../Core/Src/main.c:103:5:__io_putchar	16	static
../Core/Src/main.c:115:5:main	24	static
../Core/Src/main.c:198:6:SystemClock_Config	88	static
../Core/Src/main.c:245:13:MX_ADC1_Init	24	static
../Core/Src/main.c:328:13:MX_TIM2_Init	64	static
../Core/Src/main.c:399:13:MX_TIM4_Init	48	static
../Core/Src/main.c:452:13:MX_USART2_UART_Init	8	static
../Core/Src/main.c:483:13:MX_DMA_Init	16	static
../Core/Src/main.c:501:13:MX_GPIO_Init	40	static
../Core/Src/main.c:540:5:getLineError	4	static
../Core/Src/main.c:562:6:PID_LineFollow	40	static
../Core/Src/main.c:662:6:Motors_SetSpeed	24	static
../Core/Src/main.c:694:6:Motor_Forward	24	static
../Core/Src/main.c:726:6:Motor_Stop	4	static
../Core/Src/main.c:748:15:Detect_Junction	4	static
../Core/Src/main.c:772:9:Detect_StopCondition	4	static
../Core/Src/main.c:787:6:Turn_Left_90	8	static
../Core/Src/main.c:817:6:Turn_Right_90	8	static
../Core/Src/main.c:860:6:Error_Handler	4	static,ignoring_inline_asm
